// Jest Snapshot v1, https://goo.gl/fbAQLP

exports[`<PriceInput> matches the snapshot 1`] = `
<div
  className="price-input-container floating"
>
  <label>
    Price
  </label>
  <input
    className="price-input floating__input"
    onChange={[Function]}
    onKeyUp={[Function]}
    type="number"
    value=""
  />
</div>
`;
